---
source: tests/tui_snapshot.rs
assertion_line: 207
expression: view
---
  Pi (dummy/dummy-model)


  Assistant:

    This is a longer assistant response that
    should wrap across multiple lines.



  Enter: send  Shift+Enter: ne...  [thinking: off]
  │ > Type a message... (/help, /exit)
  │ >
  │ >

  Tokens: 0 in / 0 out  |  /help  |  Ctrl+C: quit
