---
source: tests/tui_snapshot.rs
assertion_line: 207
expression: view
---
  Pi (dummy/dummy-model)


  Assistant:

    Usage sample.



  Enter: send  Shift+Enter: newline  Alt+Enter: multi-line  [thinking: off]
  │ > Type a message... (/help, /exit)
  │ >
  │ >

  Tokens: 120 in / 45 out ($0.0030)  |  /help  |  Ctrl+C: quit
